[    1818ms] [ERROR] Failed to load resource: net::ERR_CONNECTION_CLOSED @ https://securepubads.g.doubleclick.net/tag/js/gpt.js:0
[    1861ms] [LOG] [Transcend] confirmed: false Unknown @ https://www.gamedeveloper.com/design/video-game-boss-design-for-shmups:0
[    1878ms] [ERROR] Failed to load resource: net::ERR_CONNECTION_CLOSED @ https://www3.doubleclick.net/:0
[    1881ms] [WARNING] Mixed Content: The page at 'https://www.gamedeveloper.com/design/video-game-boss-design-for-shmups' was loaded over HTTPS, but requested an insecure element 'http://3.bp.blogspot.com/_FHWVwXZaDOM/TB2OSoX1s0I/AAAAAAAAAUI/EZTjTlf11s8/s400/bossNoBoss.jpg?width=250&auto=webp&quality=80&disable=upscale'. This request was automatically upgraded to HTTPS, For more information see https://blog.chromium.org/2019/10/no-more-mixed-messages-about-https.html @ https://www.gamedeveloper.com/design/video-game-boss-design-for-shmups:6
[    1881ms] [WARNING] Mixed Content: The page at 'https://www.gamedeveloper.com/design/video-game-boss-design-for-shmups' was loaded over HTTPS, but requested an insecure element 'http://4.bp.blogspot.com/_FHWVwXZaDOM/TB2OSAGg4II/AAAAAAAAAUA/nzgcCNFQpEk/s400/bossDoom.jpg?width=352&auto=webp&quality=80&disable=upscale'. This request was automatically upgraded to HTTPS, For more information see https://blog.chromium.org/2019/10/no-more-mixed-messages-about-https.html @ https://www.gamedeveloper.com/design/video-game-boss-design-for-shmups:6
[    1881ms] [WARNING] Mixed Content: The page at 'https://www.gamedeveloper.com/design/video-game-boss-design-for-shmups' was loaded over HTTPS, but requested an insecure element 'http://4.bp.blogspot.com/_FHWVwXZaDOM/TB2ORt3udmI/AAAAAAAAAT4/EXNp84BbGNA/s400/bossWhat.jpg?width=352&auto=webp&quality=80&disable=upscale'. This request was automatically upgraded to HTTPS, For more information see https://blog.chromium.org/2019/10/no-more-mixed-messages-about-https.html @ https://www.gamedeveloper.com/design/video-game-boss-design-for-shmups:6
[    2056ms] [WARNING] Mixed Content: The page at 'https://www.gamedeveloper.com/design/video-game-boss-design-for-shmups' was loaded over HTTPS, but requested an insecure element 'http://3.bp.blogspot.com/_FHWVwXZaDOM/TB2OSoX1s0I/AAAAAAAAAUI/EZTjTlf11s8/s400/bossNoBoss.jpg?width=250&auto=webp&quality=80&disable=upscale'. This request was automatically upgraded to HTTPS, For more information see https://blog.chromium.org/2019/10/no-more-mixed-messages-about-https.html @ https://www.gamedeveloper.com/design/video-game-boss-design-for-shmups:0
[    2169ms] Error: Minified React error #418; visit https://react.dev/errors/418?args[]=HTML&args[]= for the full message or use the non-minified dev environment for full errors and additional helpful warnings.
    at Ki (https://www.gamedeveloper.com/assets/entry.client-CYtC_dgt.js:8:31207)
    at Ic (https://www.gamedeveloper.com/assets/entry.client-CYtC_dgt.js:8:81703)
    at Mu (https://www.gamedeveloper.com/assets/entry.client-CYtC_dgt.js:8:115521)
    at ju (https://www.gamedeveloper.com/assets/entry.client-CYtC_dgt.js:8:115494)
    at Au (https://www.gamedeveloper.com/assets/entry.client-CYtC_dgt.js:8:115356)
    at gu (https://www.gamedeveloper.com/assets/entry.client-CYtC_dgt.js:8:110956)
    at cd (https://www.gamedeveloper.com/assets/entry.client-CYtC_dgt.js:8:122808)
    at MessagePort.ie (https://www.gamedeveloper.com/assets/entry.client-CYtC_dgt.js:1:6204)
[    2168ms] [WARNING] Mixed Content: The page at 'https://www.gamedeveloper.com/design/video-game-boss-design-for-shmups' was loaded over HTTPS, but requested an insecure element 'http://3.bp.blogspot.com/_FHWVwXZaDOM/TB2OSoX1s0I/AAAAAAAAAUI/EZTjTlf11s8/s400/bossNoBoss.jpg?width=250&auto=webp&quality=80&disable=upscale'. This request was automatically upgraded to HTTPS, For more information see https://blog.chromium.org/2019/10/no-more-mixed-messages-about-https.html @ https://www.gamedeveloper.com/design/video-game-boss-design-for-shmups:0
[    2168ms] [WARNING] Mixed Content: The page at 'https://www.gamedeveloper.com/design/video-game-boss-design-for-shmups' was loaded over HTTPS, but requested an insecure element 'http://4.bp.blogspot.com/_FHWVwXZaDOM/TB2OSAGg4II/AAAAAAAAAUA/nzgcCNFQpEk/s400/bossDoom.jpg?width=352&auto=webp&quality=80&disable=upscale'. This request was automatically upgraded to HTTPS, For more information see https://blog.chromium.org/2019/10/no-more-mixed-messages-about-https.html @ https://www.gamedeveloper.com/design/video-game-boss-design-for-shmups:0
[    2168ms] [WARNING] Mixed Content: The page at 'https://www.gamedeveloper.com/design/video-game-boss-design-for-shmups' was loaded over HTTPS, but requested an insecure element 'http://4.bp.blogspot.com/_FHWVwXZaDOM/TB2ORt3udmI/AAAAAAAAAT4/EXNp84BbGNA/s400/bossWhat.jpg?width=352&auto=webp&quality=80&disable=upscale'. This request was automatically upgraded to HTTPS, For more information see https://blog.chromium.org/2019/10/no-more-mixed-messages-about-https.html @ https://www.gamedeveloper.com/design/video-game-boss-design-for-shmups:0
[    2270ms] [WARNING] Mixed Content: The page at 'https://www.gamedeveloper.com/design/video-game-boss-design-for-shmups' was loaded over HTTPS, but requested an insecure element 'http://3.bp.blogspot.com/_FHWVwXZaDOM/TB2OSoX1s0I/AAAAAAAAAUI/EZTjTlf11s8/s400/bossNoBoss.jpg?width=250&auto=webp&quality=80&disable=upscale'. This request was automatically upgraded to HTTPS, For more information see https://blog.chromium.org/2019/10/no-more-mixed-messages-about-https.html @ https://www.gamedeveloper.com/design/video-game-boss-design-for-shmups:0
[    2279ms] [LOG] thisDestinationURL = undefined @ https://www.gamedeveloper.com/design/video-game-boss-design-for-shmups:5
[    2279ms] [LOG] thisReferrer =  @ https://www.gamedeveloper.com/design/video-game-boss-design-for-shmups:5
[    2279ms] [LOG] pageReferrerURL =  @ https://www.gamedeveloper.com/design/video-game-boss-design-for-shmups:5
[    2298ms] [LOG] sessionPageCt = 1 @ https://www.gamedeveloper.com/design/video-game-boss-design-for-shmups:5
[    2302ms] [LOG] [Chartbeat] initial load @ https://www.gamedeveloper.com/design/video-game-boss-design-for-shmups:5
[    2303ms] [LOG] [Eloqua] FirstParty @ https://www.gamedeveloper.com/design/video-game-boss-design-for-shmups:5
[    2314ms] [ERROR] Failed to load resource: net::ERR_CONNECTION_CLOSED @ https://ad.doubleclick.net/ccm/s/collect?auid=1983699007.1785235496&gtm=45He67r0h2v891172384za200zd891172384xea:0
[    2315ms] [ERROR] Failed to load resource: net::ERR_CONNECTION_CLOSED @ https://static.chartbeat.com/js/chartbeat.js:0
[    2338ms] [LOG] cookie - trigger:initialization - views after dom refresh:0 @ https://www.gamedeveloper.com/design/video-game-boss-design-for-shmups:5
[    2341ms] [LOG] cookie - trigger:pageLoad - views after dom refresh: 0 @ https://www.gamedeveloper.com/design/video-game-boss-design-for-shmups:5
[    2472ms] [ERROR] Failed to load resource: net::ERR_CONNECTION_CLOSED @ https://stats.g.doubleclick.net/g/collect?v=2&tid=G-8K02DKE4VC&cid=490749245.1785235496&gtm=45je67r0h2v9241417933z8891172384za20gzb891172384zd891172384&rcb=14&aip=1&dma=0&gcs=G111&gcd=13t3t3t3t7l1&npa=1&frm=0&tag_exp=115938466~115938469~118897920~118897930~119896803:0
[    2621ms] [ERROR] Failed to load resource: net::ERR_CONNECTION_CLOSED @ https://stats.g.doubleclick.net/g/collect?v=2&tid=G-KXNSLNXW2X&cid=490749245.1785235496&gtm=45je67r0h2v881079814z8891172384za20gzb891172384zd891172384&rcb=16&aip=1&dma=0&gcs=G111&gcd=13t3t3t3t7l1&npa=1&frm=0&tag_exp=115938466~115938469~118395333~118897920~118897930~119896803:0
[   17082ms] [WARNING] The resource https://eu-images.contentstack.com/v3/assets/blt740a130ae3c5d529/bltba62518415cda0e2/652fe6ddbc479f8697ef691f/default-cubic.png?width=1280&auto=webp&quality=10&format=jpg&disable=upscale&blur=40 was preloaded using link preload but not used within a few seconds from the window's load event. Please make sure it has an appropriate `as` value and it is preloaded intentionally. @ https://www.gamedeveloper.com/design/video-game-boss-design-for-shmups:0
[   21603ms] [ERROR] Failed to load resource: net::ERR_CONNECTION_CLOSED @ https://ib.adnxs.com/seg?member=827&consent=1&add=33392776,21934503,21934500,21934498,19858027,37324170,2378844,33289049,33915964,33291253,33991481,33991471,7838491,7838492,7838563,7844583,7844585,7844587,8380284,2609968:0
[   21603ms] [ERROR] Failed to load resource: net::ERR_CONNECTION_CLOSED @ https://ib.adnxs.com/seg?member=827&consent=1&add=2365326,38421954,35728892,35431367,39600040,37669963,19407840,21302742,22000745,22000743,22000748,22000746,22000744,17275233,39038021,21728859,21728860,21756252,35306216,34118365:0
[   21603ms] [ERROR] Failed to load resource: net::ERR_CONNECTION_CLOSED @ https://ib.adnxs.com/seg?member=827&consent=1&add=29875841,27755195,41526492,19087141,19000164,27095645,34415083,17946121,25062731,25147693,24554971,24323937,2433138,21855343,5648811,1621008,14793258,17369550,34638276,12013010:0
[   21603ms] [ERROR] Failed to load resource: net::ERR_CONNECTION_CLOSED @ https://pixel.mathtag.com/event/img?mt_id=2346802&mt_adid=431650:0
[   21603ms] [ERROR] Failed to load resource: net::ERR_CONNECTION_CLOSED @ https://ib.adnxs.com/seg?member=827&consent=1&add=38001659:0
[   21603ms] [ERROR] Failed to load resource: net::ERR_CONNECTION_CLOSED @ https://pixel.mathtag.com/event/img?mt_id=2346404&mt_adid=431650:0
[   21603ms] [ERROR] Failed to load resource: net::ERR_CONNECTION_CLOSED @ https://ib.adnxs.com/seg?t=2&consent=1&add=42963632:0
[   21603ms] [ERROR] Failed to load resource: net::ERR_CONNECTION_CLOSED @ https://pixel.mathtag.com/event/img?mt_id=2346403&mt_adid=431650:0
[   21604ms] [ERROR] Failed to load resource: net::ERR_CONNECTION_RESET @ https://pixel.mathtag.com/event/img?mt_id=2346402&mt_adid=431650:0
[   21608ms] [ERROR] Failed to load resource: net::ERR_CONNECTION_CLOSED @ https://insight.adsrvr.org/track/pxl/?adv=f6ba480&ct=0:lxbnwmn&fmt=3:0
[   21608ms] [ERROR] Failed to load resource: net::ERR_CONNECTION_CLOSED @ https://pixel.mathtag.com/event/img?mt_id=2346362&mt_adid=431650:0
[   21608ms] [ERROR] Failed to load resource: net::ERR_CONNECTION_CLOSED @ https://pixel.mathtag.com/event/img?mt_id=2346421&mt_adid=431650:0
[   21609ms] [ERROR] Failed to load resource: net::ERR_CONNECTION_CLOSED @ https://pixel.mathtag.com/event/img?mt_id=2346902&mt_adid=431650:0
[   21609ms] [ERROR] Failed to load resource: net::ERR_CONNECTION_CLOSED @ https://pixel.mathtag.com/event/img?mt_id=2345029&mt_adid=431650:0
[   21610ms] [ERROR] Failed to load resource: net::ERR_CONNECTION_CLOSED @ https://insight.adsrvr.org/track/pxl/?adv=f6ba480&ct=0:8o9vu65&fmt=3:0
[   21611ms] [ERROR] Failed to load resource: net::ERR_CONNECTION_CLOSED @ https://pixel.mathtag.com/event/img?mt_id=2346799&mt_adid=431650:0
[   21611ms] [ERROR] Failed to load resource: net::ERR_CONNECTION_CLOSED @ https://insight.adsrvr.org/track/pxl/?adv=f6ba480&ct=0:3mjzijm&fmt=3:0
[   21611ms] [ERROR] Failed to load resource: net::ERR_CONNECTION_CLOSED @ https://insight.adsrvr.org/track/pxl/?adv=f6ba480&ct=0:v4l4j6u&fmt=3:0
[   21611ms] [ERROR] Failed to load resource: net::ERR_CONNECTION_CLOSED @ https://pixel.mathtag.com/event/img?mt_id=2346818&mt_adid=431650:0
[   21614ms] [ERROR] Failed to load resource: net::ERR_CONNECTION_CLOSED @ https://pixel.mathtag.com/event/img?mt_id=2346800&mt_adid=431650:0
[   21615ms] [ERROR] Failed to load resource: net::ERR_CONNECTION_CLOSED @ https://insight.adsrvr.org/track/pxl/?adv=f6ba480&ct=0:5pbb08a&fmt=3:0
[   21615ms] [ERROR] Failed to load resource: net::ERR_CONNECTION_CLOSED @ https://pixel.mathtag.com/event/img?mt_id=2346821&mt_adid=431650:0
[   21615ms] [ERROR] Failed to load resource: net::ERR_CONNECTION_CLOSED @ https://pixel.mathtag.com/event/img?mt_id=2346820&mt_adid=431650:0
[   21616ms] [ERROR] Failed to load resource: net::ERR_CONNECTION_CLOSED @ https://pixel.mathtag.com/event/img?mt_id=2345464&mt_adid=431650:0
[   21617ms] [ERROR] Failed to load resource: net::ERR_CONNECTION_CLOSED @ https://insight.adsrvr.org/track/pxl/?adv=f6ba480&ct=0:kmuwj8t&fmt=3:0
[   21617ms] [ERROR] Failed to load resource: net::ERR_CONNECTION_CLOSED @ https://pixel.mathtag.com/event/img?mt_id=2345466&mt_adid=431650:0
[   21617ms] [ERROR] Failed to load resource: net::ERR_CONNECTION_CLOSED @ https://insight.adsrvr.org/track/pxl/?adv=f6ba480&ct=0:9aazvir&fmt=3:0
[   21617ms] [ERROR] Failed to load resource: net::ERR_CONNECTION_CLOSED @ https://pixel.mathtag.com/event/img?mt_id=2345465&mt_adid=431650:0
[   21618ms] [ERROR] Failed to load resource: net::ERR_CONNECTION_CLOSED @ https://insight.adsrvr.org/track/pxl/?adv=f6ba480&ct=0:6tlszpj&fmt=3:0
[   21620ms] [ERROR] Failed to load resource: net::ERR_CONNECTION_CLOSED @ https://pixel.mathtag.com/event/img?mt_id=2345472&mt_adid=431650:0
[   21620ms] [ERROR] Failed to load resource: net::ERR_CONNECTION_CLOSED @ https://pixel.mathtag.com/event/img?mt_id=2345467&mt_adid=431650:0
[   21620ms] [ERROR] Failed to load resource: net::ERR_CONNECTION_RESET @ https://pixel.mathtag.com/event/img?mt_id=2345468&mt_adid=431650:0
[   21620ms] [ERROR] Failed to load resource: net::ERR_CONNECTION_CLOSED @ https://insight.adsrvr.org/track/pxl/?adv=f6ba480&ct=0:p9ib5c2&fmt=3:0
[   21621ms] [ERROR] Failed to load resource: net::ERR_CONNECTION_CLOSED @ https://pixel.mathtag.com/event/img?mt_id=2346071&mt_adid=431650:0
[   21621ms] [ERROR] Failed to load resource: net::ERR_CONNECTION_CLOSED @ https://insight.adsrvr.org/track/pxl/?adv=f6ba480&ct=0:hre3bh4&fmt=3:0
[   21621ms] [ERROR] Failed to load resource: net::ERR_CONNECTION_CLOSED @ https://pixel.mathtag.com/event/img?mt_id=2345082&mt_adid=431650:0
[   21622ms] [ERROR] Failed to load resource: net::ERR_CONNECTION_CLOSED @ https://insight.adsrvr.org/track/pxl/?adv=f6ba480&ct=0:669jd1q&fmt=3:0
[   21622ms] [ERROR] Failed to load resource: net::ERR_CONNECTION_CLOSED @ https://pixel.mathtag.com/event/img?mt_id=2345020&mt_adid=431650:0
[   21623ms] [ERROR] Failed to load resource: net::ERR_CONNECTION_CLOSED @ https://insight.adsrvr.org/track/pxl/?adv=f6ba480&ct=0:b450y8o&fmt=3:0
[   21624ms] [ERROR] Failed to load resource: net::ERR_CONNECTION_CLOSED @ https://pixel.mathtag.com/event/img?mt_id=2346915&mt_adid=431650:0
[   21624ms] [ERROR] Failed to load resource: net::ERR_CONNECTION_CLOSED @ https://pixel.mathtag.com/event/img?mt_id=2346898&mt_adid=431650:0
[   21624ms] [ERROR] Failed to load resource: net::ERR_CONNECTION_CLOSED @ https://insight.adsrvr.org/track/pxl/?adv=f6ba480&ct=0:cyswp0p&fmt=3:0
[   21624ms] [ERROR] Failed to load resource: net::ERR_CONNECTION_CLOSED @ https://pixel.mathtag.com/event/img?mt_id=2346897&mt_adid=431650:0
[   21625ms] [ERROR] Failed to load resource: net::ERR_CONNECTION_CLOSED @ https://pixel.mathtag.com/event/img?mt_id=2346930&mt_adid=431650:0
[   21626ms] [ERROR] Failed to load resource: net::ERR_CONNECTION_CLOSED @ https://pixel.mathtag.com/event/img?mt_id=2346904&mt_adid=431650:0
[   21626ms] [ERROR] Failed to load resource: net::ERR_CONNECTION_CLOSED @ https://insight.adsrvr.org/track/pxl/?adv=f6ba480&ct=0:ub5bj1k&fmt=3:0
[   21626ms] [ERROR] Failed to load resource: net::ERR_CONNECTION_CLOSED @ https://insight.adsrvr.org/track/pxl/?adv=f6ba480&ct=0:r82pm9u&fmt=3:0
[   21627ms] [ERROR] Failed to load resource: net::ERR_CONNECTION_CLOSED @ https://pixel.mathtag.com/event/img?mt_id=2346350&mt_adid=431650:0
[   21627ms] [ERROR] Failed to load resource: net::ERR_CONNECTION_CLOSED @ https://insight.adsrvr.org/track/pxl/?adv=f6ba480&ct=0:o56vwh8&fmt=3:0
[   21628ms] [ERROR] Failed to load resource: net::ERR_CONNECTION_CLOSED @ https://pixel.mathtag.com/event/img?mt_id=2346387&mt_adid=431650:0
[   21628ms] [ERROR] Failed to load resource: net::ERR_CONNECTION_CLOSED @ https://pixel.mathtag.com/event/img?mt_id=2346410&mt_adid=431650:0
[   21629ms] [ERROR] Failed to load resource: net::ERR_CONNECTION_CLOSED @ https://pixel.mathtag.com/event/img?mt_id=2346408&mt_adid=431650:0
[   21629ms] [ERROR] Failed to load resource: net::ERR_CONNECTION_CLOSED @ https://pixel.mathtag.com/event/img?mt_id=2346412&mt_adid=431650:0
[   21629ms] [ERROR] Failed to load resource: net::ERR_CONNECTION_CLOSED @ https://insight.adsrvr.org/track/pxl/?adv=f6ba480&ct=0:rx0ohma&fmt=3:0
[   21630ms] [ERROR] Failed to load resource: net::ERR_CONNECTION_CLOSED @ https://pixel.mathtag.com/event/img?mt_id=2346411&mt_adid=431650:0
[   21631ms] [ERROR] Failed to load resource: net::ERR_CONNECTION_CLOSED @ https://insight.adsrvr.org/track/pxl/?adv=f6ba480&ct=0:wk3zkk4&fmt=3:0
[   21631ms] [ERROR] Failed to load resource: net::ERR_CONNECTION_CLOSED @ https://insight.adsrvr.org/track/pxl/?adv=f6ba480&ct=0:prvz5jj&fmt=3:0
[   21631ms] [ERROR] Failed to load resource: net::ERR_CONNECTION_CLOSED @ https://pixel.mathtag.com/event/img?mt_id=2346409&mt_adid=431650:0
[   21632ms] [ERROR] Failed to load resource: net::ERR_CONNECTION_CLOSED @ https://insight.adsrvr.org/track/pxl/?adv=f6ba480&ct=0:rtwy7rp&fmt=3:0
[   21632ms] [ERROR] Failed to load resource: net::ERR_CONNECTION_CLOSED @ https://pixel.mathtag.com/event/img?mt_id=2346287&mt_adid=431650:0
[   21633ms] [ERROR] Failed to load resource: net::ERR_CONNECTION_CLOSED @ https://pixel.mathtag.com/event/img?mt_id=2346919&mt_adid=431650:0
[   21633ms] [ERROR] Failed to load resource: net::ERR_CONNECTION_CLOSED @ https://pixel.mathtag.com/event/img?mt_id=2346394&mt_adid=431650:0
[   21633ms] [ERROR] Failed to load resource: net::ERR_CONNECTION_CLOSED @ https://pixel.mathtag.com/event/img?mt_id=2346392&mt_adid=431650:0
[   21634ms] [ERROR] Failed to load resource: net::ERR_CONNECTION_CLOSED @ https://insight.adsrvr.org/track/pxl/?adv=f6ba480&ct=0:rdfvfmz&fmt=3:0
[   21634ms] [ERROR] Failed to load resource: net::ERR_CONNECTION_CLOSED @ https://pixel.mathtag.com/event/img?mt_id=2346393&mt_adid=431650:0
[   21635ms] [ERROR] Failed to load resource: net::ERR_CONNECTION_CLOSED @ https://insight.adsrvr.org/track/pxl/?adv=f6ba480&ct=0:qot18m5&fmt=3:0
[   21635ms] [ERROR] Failed to load resource: net::ERR_CONNECTION_CLOSED @ https://insight.adsrvr.org/track/pxl/?adv=f6ba480&ct=0:vhv6y62&fmt=3:0
[   21637ms] [ERROR] Failed to load resource: net::ERR_CONNECTION_CLOSED @ https://insight.adsrvr.org/track/pxl/?adv=f6ba480&ct=0:suflf3t&fmt=3:0
[   21637ms] [ERROR] Failed to load resource: net::ERR_CONNECTION_CLOSED @ https://pixel.mathtag.com/event/img?mt_id=2346395&mt_adid=431650:0
[   21637ms] [ERROR] Failed to load resource: net::ERR_CONNECTION_CLOSED @ https://pixel.mathtag.com/event/img?mt_id=2346391&mt_adid=431650:0
[   21638ms] [ERROR] Failed to load resource: net::ERR_CONNECTION_CLOSED @ https://pixel.mathtag.com/event/img?mt_id=2346396&mt_adid=431650:0
[   21638ms] [ERROR] Failed to load resource: net::ERR_CONNECTION_CLOSED @ https://pixel.mathtag.com/event/img?mt_id=2346896&mt_adid=431650:0
[   21639ms] [ERROR] Failed to load resource: net::ERR_CONNECTION_CLOSED @ https://insight.adsrvr.org/track/pxl/?adv=f6ba480&ct=0:sdgjqj0&fmt=3:0
[   21639ms] [ERROR] Failed to load resource: net::ERR_CONNECTION_CLOSED @ https://pixel.mathtag.com/event/img?mt_id=2346825&mt_adid=431650:0
[   21640ms] [ERROR] Failed to load resource: net::ERR_CONNECTION_CLOSED @ https://pixel.mathtag.com/event/img?mt_id=2346667&mt_adid=431650:0
[   21640ms] [ERROR] Failed to load resource: net::ERR_CONNECTION_CLOSED @ https://insight.adsrvr.org/track/pxl/?adv=f6ba480&ct=0:dmlyzt6&fmt=3:0
[   21641ms] [ERROR] Failed to load resource: net::ERR_CONNECTION_CLOSED @ https://insight.adsrvr.org/track/pxl/?adv=f6ba480&ct=0:8u3b1e6&fmt=3:0
[   21641ms] [ERROR] Failed to load resource: net::ERR_CONNECTION_CLOSED @ https://insight.adsrvr.org/track/pxl/?adv=f6ba480&ct=0:uym3skg&fmt=3:0
[   21641ms] [ERROR] Failed to load resource: net::ERR_CONNECTION_CLOSED @ https://pixel.mathtag.com/event/img?mt_id=2346604&mt_adid=431650:0
[   21642ms] [ERROR] Failed to load resource: net::ERR_CONNECTION_CLOSED @ https://pixel.mathtag.com/event/img?mt_id=2346985&mt_adid=431650:0
[   21642ms] [ERROR] Failed to load resource: net::ERR_CONNECTION_CLOSED @ https://insight.adsrvr.org/track/pxl/?adv=f6ba480&ct=0:i5chawl&fmt=3:0
[   21643ms] [ERROR] Failed to load resource: net::ERR_CONNECTION_CLOSED @ https://pixel.mathtag.com/event/img?mt_id=2346346&mt_adid=431650:0
[   21643ms] [ERROR] Failed to load resource: net::ERR_CONNECTION_CLOSED @ https://pixel.mathtag.com/event/img?mt_id=2346343&mt_adid=431650:0
[   21644ms] [ERROR] Failed to load resource: net::ERR_CONNECTION_CLOSED @ https://pixel.mathtag.com/event/img?mt_id=2346552&mt_adid=431650:0
[   21644ms] [ERROR] Failed to load resource: net::ERR_CONNECTION_CLOSED @ https://pixel.mathtag.com/event/img?mt_id=2346837&mt_adid=431650:0
[   21645ms] [ERROR] Failed to load resource: net::ERR_CONNECTION_CLOSED @ https://insight.adsrvr.org/track/pxl/?adv=f6ba480&ct=0:rlsejnb&fmt=3:0
[   21646ms] [ERROR] Failed to load resource: net::ERR_CONNECTION_CLOSED @ https://insight.adsrvr.org/track/pxl/?adv=f6ba480&ct=0:mhzdptm&fmt=3:0
[   21646ms] [ERROR] Failed to load resource: net::ERR_CONNECTION_CLOSED @ https://insight.adsrvr.org/track/pxl/?adv=f6ba480&ct=0:ncqkpo0&fmt=3:0
[   21646ms] [ERROR] Failed to load resource: net::ERR_CONNECTION_CLOSED @ https://pixel.mathtag.com/event/img?mt_id=2346657&mt_adid=431650:0
[   21647ms] [ERROR] Failed to load resource: net::ERR_CONNECTION_CLOSED @ https://pixel.mathtag.com/event/img?mt_id=2346658&mt_adid=431650:0
[   21647ms] [ERROR] Failed to load resource: net::ERR_CONNECTION_CLOSED @ https://pixel.mathtag.com/event/img?mt_id=2346659&mt_adid=431650:0
[   21647ms] [ERROR] Failed to load resource: net::ERR_CONNECTION_CLOSED @ https://insight.adsrvr.org/track/pxl/?adv=f6ba480&ct=0:0n2pald&fmt=3:0
[   21648ms] [ERROR] Failed to load resource: net::ERR_CONNECTION_CLOSED @ https://pixel.mathtag.com/event/img?mt_id=2346660&mt_adid=431650:0
[   21648ms] [ERROR] Failed to load resource: net::ERR_CONNECTION_CLOSED @ https://pixel.mathtag.com/event/img?mt_id=2346306&mt_adid=431650:0
[   21649ms] [ERROR] Failed to load resource: net::ERR_CONNECTION_CLOSED @ https://pixel.mathtag.com/event/img?mt_id=2676243&mt_adid=431650:0
[   21650ms] [ERROR] Failed to load resource: net::ERR_CONNECTION_CLOSED @ https://insight.adsrvr.org/track/pxl/?adv=f6ba480&ct=0:ay02mkj&fmt=3:0
[   21650ms] [ERROR] Failed to load resource: net::ERR_CONNECTION_CLOSED @ https://insight.adsrvr.org/track/pxl/?adv=f6ba480&ct=0:o6p8iz9&fmt=3:0
[   21650ms] [ERROR] Failed to load resource: net::ERR_CONNECTION_CLOSED @ https://insight.adsrvr.org/track/pxl/?adv=f6ba480&ct=0:7bsdv3c&fmt=3:0
[   21651ms] [ERROR] Failed to load resource: net::ERR_CONNECTION_CLOSED @ https://pixel.mathtag.com/event/img?mt_id=2346507&mt_adid=431650:0
[   21651ms] [ERROR] Failed to load resource: net::ERR_CONNECTION_CLOSED @ https://pixel.mathtag.com/event/img?mt_id=2346508&mt_adid=431650:0
[   21651ms] [ERROR] Failed to load resource: net::ERR_CONNECTION_CLOSED @ https://pixel.mathtag.com/event/img?mt_id=2346494&mt_adid=431650:0
[   21652ms] [ERROR] Failed to load resource: net::ERR_CONNECTION_CLOSED @ https://insight.adsrvr.org/track/pxl/?adv=f6ba480&ct=0:08gplbn&fmt=3:0
[   21653ms] [ERROR] Failed to load resource: net::ERR_CONNECTION_CLOSED @ https://pixel.mathtag.com/event/img?mt_id=2346474&mt_adid=431650:0
[   21653ms] [ERROR] Failed to load resource: net::ERR_CONNECTION_CLOSED @ https://pixel.mathtag.com/event/img?mt_id=2345051&mt_adid=431650:0
[   21654ms] [ERROR] Failed to load resource: net::ERR_CONNECTION_CLOSED @ https://pixel.mathtag.com/event/img?mt_id=2346401&mt_adid=431650:0
[   21654ms] [ERROR] Failed to load resource: net::ERR_CONNECTION_CLOSED @ https://insight.adsrvr.org/track/pxl/?adv=f6ba480&ct=0:mlaoph8&fmt=3:0
[   21654ms] [ERROR] Failed to load resource: net::ERR_CONNECTION_CLOSED @ https://insight.adsrvr.org/track/pxl/?adv=f6ba480&ct=0:1iyzexb&fmt=3:0
[   21655ms] [ERROR] Failed to load resource: net::ERR_CONNECTION_CLOSED @ https://insight.adsrvr.org/track/pxl/?adv=f6ba480&ct=0:0ld6g2i&fmt=3:0
[   21655ms] [ERROR] Failed to load resource: net::ERR_CONNECTION_CLOSED @ https://pixel.mathtag.com/event/img?mt_id=2345308&mt_adid=431650:0
[   21655ms] [ERROR] Failed to load resource: net::ERR_CONNECTION_CLOSED @ https://pixel.mathtag.com/event/img?mt_id=2344732&mt_adid=431650:0
[   21656ms] [ERROR] Failed to load resource: net::ERR_CONNECTION_CLOSED @ https://pixel.mathtag.com/event/img?mt_id=2346248&mt_adid=431650:0
[   21657ms] [ERROR] Failed to load resource: net::ERR_CONNECTION_CLOSED @ https://insight.adsrvr.org/track/pxl/?adv=f6ba480&ct=0:6cemdtu&fmt=3:0
[   21657ms] [ERROR] Failed to load resource: net::ERR_CONNECTION_CLOSED @ https://pixel.mathtag.com/event/img?mt_id=2346291&mt_adid=431650:0
[   21658ms] [ERROR] Failed to load resource: net::ERR_CONNECTION_CLOSED @ https://pixel.mathtag.com/event/img?mt_id=2346866&mt_adid=431650:0
[   21659ms] [ERROR] Failed to load resource: net::ERR_CONNECTION_CLOSED @ https://insight.adsrvr.org/track/pxl/?adv=f6ba480&ct=0:xpwygyh&fmt=3:0
[   21659ms] [ERROR] Failed to load resource: net::ERR_CONNECTION_CLOSED @ https://insight.adsrvr.org/track/pxl/?adv=f6ba480&ct=0:o2q6vw4&fmt=3:0
[   21659ms] [ERROR] Failed to load resource: net::ERR_CONNECTION_CLOSED @ https://insight.adsrvr.org/track/pxl/?adv=f6ba480&ct=0:23r2npr&fmt=3:0
[   21659ms] [ERROR] Failed to load resource: net::ERR_CONNECTION_CLOSED @ https://pixel.mathtag.com/event/img?mt_id=2346213&mt_adid=431650:0
[   21659ms] [ERROR] Failed to load resource: net::ERR_CONNECTION_CLOSED @ https://insight.adsrvr.org/track/pxl/?adv=f6ba480&ct=0:cqriase&fmt=3:0
[   21660ms] [ERROR] Failed to load resource: net::ERR_CONNECTION_CLOSED @ https://pixel.mathtag.com/event/img?mt_id=2346912&mt_adid=431650:0
[   21660ms] [ERROR] Failed to load resource: net::ERR_CONNECTION_CLOSED @ https://insight.adsrvr.org/track/pxl/?adv=f6ba480&ct=0:g2vn96n&fmt=3:0
[   21660ms] [ERROR] Failed to load resource: net::ERR_CONNECTION_CLOSED @ https://insight.adsrvr.org/track/pxl/?adv=f6ba480&ct=0:pcfqt3b&fmt=3:0
[   21662ms] [ERROR] Failed to load resource: net::ERR_CONNECTION_CLOSED @ https://insight.adsrvr.org/track/pxl/?adv=f6ba480&ct=0:3kr9oxj&fmt=3:0
[   21662ms] [ERROR] Failed to load resource: net::ERR_CONNECTION_CLOSED @ https://insight.adsrvr.org/track/pxl/?adv=f6ba480&ct=0:717gsxa&fmt=3:0
[   21662ms] [ERROR] Failed to load resource: net::ERR_CONNECTION_CLOSED @ https://insight.adsrvr.org/track/pxl/?adv=f6ba480&ct=0:s4olhmg&fmt=3:0
[   21662ms] [ERROR] Failed to load resource: net::ERR_CONNECTION_CLOSED @ https://insight.adsrvr.org/track/pxl/?adv=f6ba480&ct=0:jb7kzs0&fmt=3:0
[   21663ms] [ERROR] Failed to load resource: net::ERR_CONNECTION_CLOSED @ https://insight.adsrvr.org/track/pxl/?adv=f6ba480&ct=0:43h44xo&fmt=3:0
[   21663ms] [ERROR] Failed to load resource: net::ERR_CONNECTION_CLOSED @ https://insight.adsrvr.org/track/pxl/?adv=f6ba480&ct=0:ep65ssd&fmt=3:0
[   21664ms] [ERROR] Failed to load resource: net::ERR_CONNECTION_CLOSED @ https://insight.adsrvr.org/track/pxl/?adv=f6ba480&ct=0:e6gbaxm&fmt=3:0
[   21665ms] [ERROR] Failed to load resource: net::ERR_CONNECTION_CLOSED @ https://insight.adsrvr.org/track/pxl/?adv=f6ba480&ct=0:mmkkkwp&fmt=3:0
[   21665ms] [ERROR] Failed to load resource: net::ERR_CONNECTION_CLOSED @ https://insight.adsrvr.org/track/pxl/?adv=f6ba480&ct=0:k39crbr&fmt=3:0
[   21665ms] [ERROR] Failed to load resource: net::ERR_CONNECTION_CLOSED @ https://insight.adsrvr.org/track/pxl/?adv=f6ba480&ct=0:5b7r2ni&fmt=3:0
[   21666ms] [ERROR] Failed to load resource: net::ERR_CONNECTION_CLOSED @ https://insight.adsrvr.org/track/pxl/?adv=f6ba480&ct=0:7wxo4u7&fmt=3:0
[   21666ms] [ERROR] Failed to load resource: net::ERR_CONNECTION_CLOSED @ https://insight.adsrvr.org/track/pxl/?adv=f6ba480&ct=0:qplqi66&fmt=3:0
[   21667ms] [ERROR] Failed to load resource: net::ERR_CONNECTION_CLOSED @ https://insight.adsrvr.org/track/pxl/?adv=f6ba480&ct=0:kpddmpv&fmt=3:0
[   21667ms] [ERROR] Failed to load resource: net::ERR_CONNECTION_CLOSED @ https://insight.adsrvr.org/track/pxl/?adv=f6ba480&ct=0:v655ee5&fmt=3:0
[   21668ms] [ERROR] Failed to load resource: net::ERR_CONNECTION_CLOSED @ https://insight.adsrvr.org/track/pxl/?adv=f6ba480&ct=0:g6hf9jh&fmt=3:0
[   21668ms] [ERROR] Failed to load resource: net::ERR_CONNECTION_CLOSED @ https://insight.adsrvr.org/track/pxl/?adv=f6ba480&ct=0:r5c6j2s&fmt=3:0
[   21668ms] [ERROR] Failed to load resource: net::ERR_CONNECTION_CLOSED @ https://insight.adsrvr.org/track/pxl/?adv=f6ba480&ct=0:0j59087&fmt=3:0
[   21668ms] [ERROR] Failed to load resource: net::ERR_CONNECTION_CLOSED @ https://insight.adsrvr.org/track/pxl/?adv=f6ba480&ct=0:xhfv8vz&fmt=3:0
[   21669ms] [ERROR] Failed to load resource: net::ERR_CONNECTION_CLOSED @ https://insight.adsrvr.org/track/pxl/?adv=f6ba480&ct=0:2edyyi6&fmt=3:0
[   21670ms] [ERROR] Failed to load resource: net::ERR_CONNECTION_CLOSED @ https://insight.adsrvr.org/track/pxl/?adv=f6ba480&ct=0:ex5apyt&fmt=3:0
[   21670ms] [ERROR] Failed to load resource: net::ERR_CONNECTION_CLOSED @ https://insight.adsrvr.org/track/pxl/?adv=f6ba480&ct=0:nxikcd6&fmt=3:0
[   21670ms] [ERROR] Failed to load resource: net::ERR_CONNECTION_CLOSED @ https://insight.adsrvr.org/track/pxl/?adv=f6ba480&ct=0:69d22sp&fmt=3:0
[   21670ms] [ERROR] Failed to load resource: net::ERR_CONNECTION_CLOSED @ https://insight.adsrvr.org/track/pxl/?adv=f6ba480&ct=0:seheixv&fmt=3:0
[   26859ms] [WARNING] The resource https://eu-images.contentstack.com/v3/assets/blt740a130ae3c5d529/bltba62518415cda0e2/652fe6ddbc479f8697ef691f/default-cubic.png?width=1280&auto=webp&quality=10&format=jpg&disable=upscale&blur=40 was preloaded using link preload but not used within a few seconds from the window's load event. Please make sure it has an appropriate `as` value and it is preloaded intentionally. @ https://www.gamedeveloper.com/design/video-game-boss-design-for-shmups:0
